11
2
0
0
0
0
1
1
1
0
1
1
0
3
5
0
0
38
1
4
0
1
0
0
36
0
119
0
17
6
1
2
54
0
0
0
0
0
0
3
1
3
2
0
1
0
1
23
0
3
0
1
3
2
0
1
17
57
1
1
1
1
0
0
0
0
6
0
4
42
0
0
1
1
0
0
0
0
0
0
1
1
1
0
21
3
3
0
0
1
0
10
1
1
3
0
0
3
15
2